// Jest Snapshot v1, https://goo.gl/fbAQLP

exports[`Mount ProjectDashboard 1`] = `
.c0 {
  margin-left: 190px;
  padding-top: 48px;
  padding-bottom: 14px;
  padding-left: 14px;
  padding-right: 0;
  background-color: #fff;
}

.c1 {
  padding-top: 14px;
  padding-bottom: 14px;
  padding-left: 204px;
  padding-right: 14px;
  width: 100%;
  height: 96px;
  background-color: #fff;
}

.c9 {
  padding-top: 96px;
  padding-right: 14px;
}

.c14 {
  border-radius: 6px;
  width: 100%;
  height: auto;
  overflow: hidden;
}

.c16 {
  color: #006aff;
}

.c18 {
  padding-left: 16px;
  padding-right: 16px;
  padding-top: 4px;
  padding-bottom: 4px;
  height: calc(100% - 5px);
}

.c22 {
  -webkit-box-flex: 1;
  -webkit-flex-grow: 1;
  -ms-flex-positive: 1;
  flex-grow: 1;
}

.c23 {
  color: #8393A7;
}

.c30 {
  color: #70b;
}

.c32 {
  color: #00C05A;
}

.c2 {
  position: absolute;
  top: 48px;
  left: 0;
}

.c20 {
  -webkit-flex: none;
  -ms-flex: none;
  flex: none;
  vertical-align: middle;
  cursor: inherit;
  margin: 8px;
  margin-left: 0;
  color: #53657d;
}

.c24 {
  -webkit-flex: none;
  -ms-flex: none;
  flex: none;
  vertical-align: middle;
  cursor: inherit;
  -webkit-transform: rotate(-90deg);
  -ms-transform: rotate(-90deg);
  transform: rotate(-90deg);
  color: #53657d;
}

.c15 {
  height: auto;
  box-shadow: 0px 3px 3px -2px rgba(0,0,0,0.2),0px 3px 4px 0px rgba(0,0,0,.14),0px 1px 8px 0px rgba(0,0,0,.12);
  border: 0px solid #c9d3df;
  border-radius: 6px;
}

.c4 {
  display: -webkit-box;
  display: -webkit-flex;
  display: -ms-flexbox;
  display: flex;
}

.c5 {
  display: -webkit-box;
  display: -webkit-flex;
  display: -ms-flexbox;
  display: flex;
  margin-bottom: 12px;
}

.c19 {
  display: -webkit-box;
  display: -webkit-flex;
  display: -ms-flexbox;
  display: flex;
  -webkit-align-items: center;
  -webkit-box-align: center;
  -ms-flex-align: center;
  align-items: center;
}

.c11 {
  display: grid;
  margin-top: 2px;
  width: 100%;
  grid-gap: 10px;
  grid-template-columns: repeat(auto-fill,minmax(300px,1fr) );
}

.c21 {
  cursor: inherit;
  font-size: 24px;
  margin: 0;
  font-weight: 400;
}

.c34 {
  cursor: inherit;
  font-size: 14px;
  color: #53657d;
}

.c8 {
  cursor: pointer;
  -webkit-text-decoration: none;
  text-decoration: none;
  color: #1e252e;
}

.c8:hover {
  color: var(--textHighlight);
}

.c3 {
  position: fixed;
  z-index: 50;
}

.c25 {
  background-color: #fff;
  border: 0px;
  border-spacing: 0;
  table-layout: fixed;
  width: 100%;
  min-width: 15em;
  background-color: #fff;
}

.c28 {
  border: 0px;
  border-spacing: 0;
}

.c29 {
  border: 0px;
  border-spacing: 0;
  text-align: right;
}

.c26 {
  cursor: pointer;
}

.c26 > .c27 {
  border-spacing: 0;
  border-top: 1px solid rgba(34,36,38,.1);
  padding-top: 8px;
  padding-bottom: 8px;
}

.c6 {
  width: calc(100% - 180px);
}

.c6 > span {
  width: 1;
  font-size: 25px;
  display: inline-block;
  text-overflow: ellipsis;
  white-space: nowrap;
  overflow: hidden;
}

.c6 > span + span:before {
  padding: 0 8px;
  vertical-align: top;
  color: var(--text,#f00);
  content: "/";
}

.c6 > span {
  color: var(--text,#f00);
  -webkit-text-decoration: none;
  text-decoration: none;
}

.c6 > span:hover {
  cursor: pointer;
  color: var(--blue,#f00);
  -webkit-text-decoration: none;
  text-decoration: none;
}

.c6 > span:last-child:hover {
  color: var(--text,#f00);
  cursor: default;
}

.c7 {
  width: 100%;
  max-width: unset;
  -webkit-box-flex: 1;
  -webkit-flex-grow: 1;
  -ms-flex-positive: 1;
  flex-grow: 1;
}

.c7 .sc-bdnxRM {
  margin: 0;
  display: inline;
}

.c17 {
  border-top: 5px solid var(--blue,#f00);
}

.c31 {
  border-top: 5px solid var(--purple,#f00);
}

.c33 {
  border-top: 5px solid var(--green,#f00);
}

.c12 > .c13 {
  position: relative;
  min-height: 200px;
  cursor: pointer;
  -webkit-transition: -webkit-transform 0.2s;
  -webkit-transition: transform 0.2s;
  transition: transform 0.2s;
}

.c12 > .c13:hover {
  -webkit-transform: translateY(-2px);
  -ms-transform: translateY(-2px);
  transform: translateY(-2px);
}

@media screen and (min-width:768px) and (max-width:1023px) {
  .c10 {
    display: none;
  }
}

@media screen and (min-width:1024px) and (max-width:1279px) {
  .c10 {
    display: none;
  }
}

@media screen and (min-width:1280px) {
  .c10 {
    display: none;
  }
}

<div
  className="c0"
>
  <div
    className="c1 c2 c3"
    height={96}
    width={1}
  >
    <div
      className="c4"
    >
      <div
        className="c5 c6 c7"
      >
        <span>
          <a
            className="c8"
            color="text"
            href="/projects"
            onClick={[Function]}
          >
            My Projects
          </a>
        </span>
        <span>
          <a
            className="c8"
            color="text"
            href="/project/dashboard"
            onClick={[Function]}
          >
            this-is-a-title
            
          </a>
        </span>
      </div>
    </div>
  </div>
  <div
    className="c9"
  >
    <div
      className="c10"
    />
    <div
      className="c11 c12"
      width="100%"
    >
      <div
        className="c13 c14 c15"
        height="auto"
        onClick={[Function]}
        overflow="hidden"
        width="100%"
      >
        <div
          className="c16 c17"
          color="blue"
        />
        <div
          className="c18"
          height="calc(100% - 5px)"
        >
          <div
            className="c19"
          >
            <svg
              className="c20"
              clipRule="evenodd"
              color="#53657d"
              cursor="inherit"
              fill="currentcolor"
              fillRule="evenodd"
              height="20"
              m={8}
              ml={0}
              viewBox="0 0 24 24"
              width="20"
            >
              <path
                d="M9.293 14.795a1.848 1.848 0 00-.278-.649l-.15-.228c-.835-.959-1.292-2.353-1.534-4.07l.018-.008c.198-.077.386-.157.57-.24 4.687-2.088 5.765-5.764 5.765-5.764s1.238 2.082 2.115 4.086l.08.185.008.02c-.153 2.526-.607 4.53-1.705 5.791l-.15.229a1.84 1.84 0 00-.281.661c-.041.225-.055.45-.055.674a30.352 30.352 0 005.029-1.231c0-17.284-7.202-14.002-7.202-14.002S4.322-3.033 4.322 14.251a30.337 30.337 0 005.03 1.23 3.838 3.838 0 00-.059-.686zM21.4 19.743c-.927-.795-3.649-1.372-5.472-1.683-.139 2.322-2.047 4.168-4.405 4.168s-4.265-1.846-4.405-4.168c-1.823.311-4.545.888-5.472 1.683C.207 20.98 0 24 0 24h23.045s-.207-3.02-1.646-4.257z"
                fillRule="nonzero"
              />
              <path
                d="M11.523 21.341c-1.862 0-3.408-1.464-3.52-3.334l-.006-.088c.528-.08.867-.123.867-.123s.496-1.094.488-2.314a3.838 3.838 0 00-.059-.687 1.848 1.848 0 00-.278-.649l-.15-.228c-.835-.959-1.292-2.353-1.534-4.07l.018-.008c.198-.077.386-.157.57-.24 4.687-2.088 5.765-5.764 5.765-5.764s1.238 2.082 2.115 4.086l.08.185.008.02c-.153 2.526-.607 4.53-1.705 5.791l-.15.229a1.84 1.84 0 00-.281.661c-.041.225-.055.45-.055.674-.008 1.22.486 2.314.486 2.314s.34.043.867.123l-.005.088c-.113 1.87-1.659 3.334-3.52 3.334z"
                fill="currentcolor"
                fillRule="nonzero"
              />
            </svg>
            <h3
              className="c21"
              cursor="inherit"
              fontSize={4}
            >
              Members
            </h3>
            <div
              className="c22"
            />
            <div
              className="c23"
              color="#8393A7"
            >
              <svg
                className="c24"
                clipRule="evenodd"
                color="darkGray"
                cursor="inherit"
                fill="currentcolor"
                fillRule="evenodd"
                height={18}
                rotation={-90}
                viewBox="0 0 18 24"
                width={18}
              >
                <path
                  d="M9 24l9-10h-6V0H6v14h-6l9 10z"
                />
              </svg>
            </div>
          </div>
          <table
            className="c25"
            width="100%"
          >
            <tbody>
              <tr
                className="c26"
                cursor="pointer"
              >
                <td
                  className="c27 c28"
                >
                  Members
                </td>
                <td
                  className="c27 c29"
                >
                  0
                </td>
              </tr>
              <tr
                className="c26"
                cursor="pointer"
              >
                <td
                  className="c27 c28"
                >
                  Groups
                </td>
                <td
                  className="c27 c29"
                >
                  0
                </td>
              </tr>
            </tbody>
          </table>
        </div>
      </div>
      <div
        className="c13 c14 c15"
        height="auto"
        onClick={[Function]}
        overflow="hidden"
        width="100%"
      >
        <div
          className="c30 c31"
          color="purple"
        />
        <div
          className="c18"
          height="calc(100% - 5px)"
        >
          <div
            className="c19"
          >
            <svg
              className="c20"
              clipRule="evenodd"
              color="#53657d"
              cursor="inherit"
              fill="currentcolor"
              fillRule="evenodd"
              height="20"
              m={8}
              ml={0}
              viewBox="0 0 24 18"
              width="20"
            >
              <path
                d="M0 0v13.714h24V0H0zm8.598 12H4.291a2.574 2.574 0 00-2.576-2.577v-4.28a3.432 3.432 0 003.428-3.429h3.455c-1.066 1.26-1.74 3.097-1.74 5.143s.674 3.884 1.74 5.143zm13.688-2.577A2.59 2.59 0 0019.715 12h-4.313c1.066-1.26 1.741-3.097 1.741-5.143s-.675-3.884-1.74-5.143h3.454a3.432 3.432 0 003.429 3.429v4.28z"
                fillRule="nonzero"
              />
              <path
                d="M0 15.428h24v1.715H0z"
                fill="currentcolor"
                fillRule="nonzero"
              />
            </svg>
            <h3
              className="c21"
              cursor="inherit"
              fontSize={4}
            >
              Resource Allocation
            </h3>
            <div
              className="c22"
            />
            <div
              className="c23"
              color="#8393A7"
            >
              <svg
                className="c24"
                clipRule="evenodd"
                color="darkGray"
                cursor="inherit"
                fill="currentcolor"
                fillRule="evenodd"
                height={18}
                rotation={-90}
                viewBox="0 0 18 24"
                width={18}
              >
                <path
                  d="M9 24l9-10h-6V0H6v14h-6l9 10z"
                />
              </svg>
            </div>
          </div>
        </div>
      </div>
      <div
        className="c13 c14 c15"
        height="auto"
        onClick={[Function]}
        overflow="hidden"
        width="100%"
      >
        <div
          className="c32 c33"
          color="green"
        />
        <div
          className="c18"
          height="calc(100% - 5px)"
        >
          <div
            className="c19"
          >
            <svg
              className="c20"
              clipRule="evenodd"
              color="#53657d"
              cursor="inherit"
              fill="currentcolor"
              fillRule="evenodd"
              height="20"
              m={8}
              ml={0}
              viewBox="0 0 16 24"
              width="20"
            >
              <path
                d="M1.501 0a1.5 1.5 0 00-1.5 1.5v4.718A2 2 0 00.647 7.69L5.332 12 .645 16.32a2 2 0 00-.644 1.47V22.5a1.5 1.5 0 001.5 1.5h13a1.5 1.5 0 001.5-1.5V17.79a2 2 0 00-.644-1.47L10.67 12l4.685-4.31a2 2 0 00.646-1.472V1.5a1.5 1.5 0 00-1.5-1.5h-13zm11.831 17.532v4.125H2.67v-4.125L8 12.617l5.331 4.915zm-5.331-6.144L2.67 6.473V2.284h10.668v4.183l-5.337 4.921z"
                fillRule="nonzero"
              />
              <path
                d="M2.67 6.472l10.669-.006L8 11.388 2.67 6.472zM2.67 18.533h10.662v3.125H2.67z"
                fill="currentcolor"
              />
              <path
                d="M8 12.618l1 6.915H7l1-6.915z"
                fill="currentcolor"
              />
            </svg>
            <h3
              className="c21"
              cursor="inherit"
              fontSize={4}
            >
              Usage
            </h3>
            <div
              className="c22"
            />
            <div
              className="c23"
              color="#8393A7"
            >
              <svg
                className="c24"
                clipRule="evenodd"
                color="darkGray"
                cursor="inherit"
                fill="currentcolor"
                fillRule="evenodd"
                height={18}
                rotation={-90}
                viewBox="0 0 18 24"
                width={18}
              >
                <path
                  d="M9 24l9-10h-6V0H6v14h-6l9 10z"
                />
              </svg>
            </div>
          </div>
          <div
            className="c34"
            color="darkGray"
            cursor="inherit"
            fontSize={1}
          >
            Past 30 days
          </div>
          <table
            className="c25"
            width="100%"
          >
            <tbody>
              <tr
                className="c26"
                cursor="pointer"
              >
                <td
                  className="c27 c28"
                >
                  Storage
                </td>
                <td
                  className="c27 c29"
                >
                  0 DKK
                </td>
              </tr>
              <tr
                className="c26"
                cursor="pointer"
              >
                <td
                  className="c27 c28"
                >
                  Compute
                </td>
                <td
                  className="c27 c29"
                >
                  0 DKK
                </td>
              </tr>
            </tbody>
          </table>
        </div>
      </div>
    </div>
  </div>
</div>
`;
