// Jest Snapshot v1, https://goo.gl/fbAQLP

exports[`Dashboard Dashboard mount 1`] = `
.c7 {
  display: -webkit-box;
  display: -webkit-flex;
  display: -ms-flexbox;
  display: flex;
  -webkit-align-items: center;
  -webkit-box-align: center;
  -ms-flex-align: center;
  align-items: center;
}

.c13 {
  display: -webkit-box;
  display: -webkit-flex;
  display: -ms-flexbox;
  display: flex;
  margin-top: -30px;
  width: 100%;
  height: calc(100% - 60px);
  -webkit-align-items: center;
  -webkit-box-align: center;
  -ms-flex-align: center;
  align-items: center;
  -webkit-box-pack: center;
  -webkit-justify-content: center;
  -ms-flex-pack: center;
  justify-content: center;
  -webkit-flex-direction: column;
  -ms-flex-direction: column;
  flex-direction: column;
  min-height: 250px;
}

.c12 {
  width: 32px;
  height: 32px;
  margin: 20px auto;
  -webkit-animation-name: jkjquP;
  animation-name: jkjquP;
}

.c12 > svg path:nth-child(1) {
  -webkit-animation: jkjquP 0.72s linear infinite;
  animation: jkjquP 0.72s linear infinite;
  -webkit-animation-delay: -0.04s;
  animation-delay: -0.04s;
}

.c12 > svg path:nth-child(2) {
  -webkit-animation: jkjquP 0.72s linear infinite;
  animation: jkjquP 0.72s linear infinite;
  -webkit-animation-delay: -0.08s;
  animation-delay: -0.08s;
}

.c12 > svg path:nth-child(3) {
  -webkit-animation: jkjquP 0.72s linear infinite;
  animation: jkjquP 0.72s linear infinite;
  -webkit-animation-delay: -0.12s;
  animation-delay: -0.12s;
}

.c12 > svg path:nth-child(4) {
  -webkit-animation: jkjquP 0.72s linear infinite;
  animation: jkjquP 0.72s linear infinite;
  -webkit-animation-delay: -0.16s;
  animation-delay: -0.16s;
}

.c12 > svg path:nth-child(5) {
  -webkit-animation: jkjquP 0.72s linear infinite;
  animation: jkjquP 0.72s linear infinite;
  -webkit-animation-delay: -0.2s;
  animation-delay: -0.2s;
}

.c12 > svg path:nth-child(6) {
  -webkit-animation: jkjquP 0.72s linear infinite;
  animation: jkjquP 0.72s linear infinite;
  -webkit-animation-delay: -0.24s;
  animation-delay: -0.24s;
}

.c12 > svg path:nth-child(7) {
  -webkit-animation: jkjquP 0.72s linear infinite;
  animation: jkjquP 0.72s linear infinite;
  -webkit-animation-delay: -0.28s;
  animation-delay: -0.28s;
}

.c12 > svg path:nth-child(8) {
  -webkit-animation: jkjquP 0.72s linear infinite;
  animation: jkjquP 0.72s linear infinite;
  -webkit-animation-delay: -0.32s;
  animation-delay: -0.32s;
}

.c12 > svg path:nth-child(9) {
  -webkit-animation: jkjquP 0.72s linear infinite;
  animation: jkjquP 0.72s linear infinite;
  -webkit-animation-delay: -0.36s;
  animation-delay: -0.36s;
}

.c12 > svg path:nth-child(10) {
  -webkit-animation: jkjquP 0.72s linear infinite;
  animation: jkjquP 0.72s linear infinite;
  -webkit-animation-delay: -0.4s;
  animation-delay: -0.4s;
}

.c12 > svg path:nth-child(11) {
  -webkit-animation: jkjquP 0.72s linear infinite;
  animation: jkjquP 0.72s linear infinite;
  -webkit-animation-delay: -0.44s;
  animation-delay: -0.44s;
}

.c12 > svg path:nth-child(12) {
  -webkit-animation: jkjquP 0.72s linear infinite;
  animation: jkjquP 0.72s linear infinite;
  -webkit-animation-delay: -0.48s;
  animation-delay: -0.48s;
}

.c12 > svg path:nth-child(13) {
  -webkit-animation: jkjquP 0.72s linear infinite;
  animation: jkjquP 0.72s linear infinite;
  -webkit-animation-delay: -0.52s;
  animation-delay: -0.52s;
}

.c12 > svg path:nth-child(14) {
  -webkit-animation: jkjquP 0.72s linear infinite;
  animation: jkjquP 0.72s linear infinite;
  -webkit-animation-delay: -0.56s;
  animation-delay: -0.56s;
}

.c12 > svg path:nth-child(15) {
  -webkit-animation: jkjquP 0.72s linear infinite;
  animation: jkjquP 0.72s linear infinite;
  -webkit-animation-delay: -0.6s;
  animation-delay: -0.6s;
}

.c12 > svg path:nth-child(16) {
  -webkit-animation: jkjquP 0.72s linear infinite;
  animation: jkjquP 0.72s linear infinite;
  -webkit-animation-delay: -0.64s;
  animation-delay: -0.64s;
}

.c12 > svg path:nth-child(17) {
  -webkit-animation: jkjquP 0.72s linear infinite;
  animation: jkjquP 0.72s linear infinite;
  -webkit-animation-delay: -0.68s;
  animation-delay: -0.68s;
}

.c12 > svg path:nth-child(18) {
  -webkit-animation: jkjquP 0.72s linear infinite;
  animation: jkjquP 0.72s linear infinite;
  -webkit-animation-delay: -0.72s;
  animation-delay: -0.72s;
}

.c0 {
  margin-left: 190px;
  padding-top: 48px;
  padding-bottom: 14px;
  padding-left: 14px;
  padding-right: 0;
  background-color: #fff;
}

.c1 {
  padding-top: 14px;
  padding-right: 14px;
}

.c4 {
  border-radius: 6px;
  cursor: inherit;
  width: 100%;
  height: auto;
  overflow: hidden;
}

.c6 {
  padding-left: 16px;
  padding-right: 16px;
  padding-top: 4px;
  padding-bottom: 4px;
  height: calc(100% - 5px);
}

.c11 {
  -webkit-box-flex: 1;
  -webkit-flex-grow: 1;
  -ms-flex-positive: 1;
  flex-grow: 1;
}

.c19 {
  color: #8393A7;
}

.c30 {
  border-radius: 6px;
  cursor: inherit;
  width: 100%;
  min-width: 450px;
  height: auto;
  overflow: hidden;
}

.c17 {
  font-smoothing: antialiased;
  display: -webkit-inline-box;
  display: -webkit-inline-flex;
  display: -ms-inline-flexbox;
  display: inline-flex;
  -webkit-box-pack: center;
  -webkit-justify-content: center;
  -ms-flex-pack: center;
  justify-content: center;
  -webkit-align-items: center;
  -webkit-box-align: center;
  -ms-flex-align: center;
  align-items: center;
  text-align: center;
  -webkit-text-decoration: none;
  text-decoration: none;
  font-family: inherit;
  font-weight: 700;
  line-height: 1.5;
  cursor: pointer;
  border-radius: 5px;
  background-color: var(--blue,#f00);
  color: var(--white,#f00);
  border-width: 0;
  border-style: solid;
  -webkit-transition: cubic-bezier(0.5,0,0.25,1) 60ms;
  transition: cubic-bezier(0.5,0,0.25,1) 60ms;
  width: 100%;
  font-size: 14px;
  padding: 9.5px 18px;
  margin-top: 16px;
}

.c17:disabled {
  opacity: 0.25;
}

.c17:focus {
  outline: none;
}

.c17:hover {
  -webkit-transform: translateY(-2px);
  -ms-transform: translateY(-2px);
  transform: translateY(-2px);
}

.c22 {
  font-smoothing: antialiased;
  display: -webkit-inline-box;
  display: -webkit-inline-flex;
  display: -ms-inline-flexbox;
  display: inline-flex;
  -webkit-box-pack: center;
  -webkit-justify-content: center;
  -ms-flex-pack: center;
  justify-content: center;
  -webkit-align-items: center;
  -webkit-box-align: center;
  -ms-flex-align: center;
  align-items: center;
  text-align: center;
  -webkit-text-decoration: none;
  text-decoration: none;
  font-family: inherit;
  font-weight: 700;
  line-height: 1.5;
  cursor: pointer;
  border-radius: 5px;
  background-color: var(--blue,#f00);
  color: var(--white,#f00);
  border-width: 0;
  border-style: solid;
  -webkit-transition: cubic-bezier(0.5,0,0.25,1) 60ms;
  transition: cubic-bezier(0.5,0,0.25,1) 60ms;
  width: 100%;
  font-size: 14px;
  padding: 9.5px 18px;
  margin-top: 8px;
}

.c22:disabled {
  opacity: 0.25;
}

.c22:focus {
  outline: none;
}

.c22:hover {
  -webkit-transform: translateY(-2px);
  -ms-transform: translateY(-2px);
  transform: translateY(-2px);
}

.c23 {
  font-smoothing: antialiased;
  display: -webkit-inline-box;
  display: -webkit-inline-flex;
  display: -ms-inline-flexbox;
  display: inline-flex;
  -webkit-box-pack: center;
  -webkit-justify-content: center;
  -ms-flex-pack: center;
  justify-content: center;
  -webkit-align-items: center;
  -webkit-box-align: center;
  -ms-flex-align: center;
  align-items: center;
  text-align: center;
  -webkit-text-decoration: none;
  text-decoration: none;
  font-family: inherit;
  font-weight: 700;
  line-height: 1.5;
  cursor: pointer;
  border-radius: 5px;
  background-color: var(--blue,#f00);
  color: var(--white,#f00);
  border-width: 0;
  border-style: solid;
  -webkit-transition: cubic-bezier(0.5,0,0.25,1) 60ms;
  transition: cubic-bezier(0.5,0,0.25,1) 60ms;
  width: 100%;
  font-size: 14px;
  padding: 9.5px 18px;
  margin-bottom: 4px;
}

.c23:disabled {
  opacity: 0.25;
}

.c23:focus {
  outline: none;
}

.c23:hover {
  -webkit-transform: translateY(-2px);
  -ms-transform: translateY(-2px);
  transform: translateY(-2px);
}

.c8 {
  -webkit-flex: none;
  -ms-flex: none;
  flex: none;
  vertical-align: middle;
  cursor: inherit;
  margin: 8px;
  margin-left: 0;
  color: #53657d;
}

.c16 {
  -webkit-flex: none;
  -ms-flex: none;
  flex: none;
  vertical-align: middle;
  cursor: inherit;
}

.c20 {
  -webkit-flex: none;
  -ms-flex: none;
  flex: none;
  vertical-align: middle;
  cursor: pointer;
  color: #53657d;
}

.c5 {
  height: auto;
  box-shadow: 0px 3px 3px -2px rgba(0,0,0,0.2),0px 3px 4px 0px rgba(0,0,0,.14),0px 1px 8px 0px rgba(0,0,0,.12);
  border: 0px solid #c9d3df;
  border-radius: 6px;
}

.c3 {
  display: grid;
  margin-top: 2px;
  width: 100%;
  grid-gap: 16px;
  grid-template-columns: repeat(auto-fill,minmax(435px,1fr) );
}

.c10 {
  cursor: inherit;
  font-size: 24px;
  margin: 0;
  font-weight: 400;
}

.c14 {
  cursor: inherit;
  font-size: 20px;
  margin: 0;
  font-weight: 400;
}

.c15 {
  cursor: inherit;
}

.c24 {
  cursor: inherit;
  font-size: 14px;
  color: #53657d;
}

.c9 {
  cursor: pointer;
  -webkit-text-decoration: none;
  text-decoration: none;
  color: #1e252e;
}

.c9:hover {
  color: var(--textHighlight);
}

.c21 {
  cursor: pointer;
  -webkit-text-decoration: none;
  text-decoration: none;
  margin-top: 8px;
  color: #1e252e;
}

.c21:hover {
  color: var(--textHighlight);
}

.c18 {
  font-size: large;
}

.c18 > * {
  border-bottom: 1px solid lightGrey;
}

.c18 > *:last-child {
  border-bottom: 0px;
}

.c25 {
  background-color: #fff;
  border: 0px;
  border-spacing: 0;
  table-layout: fixed;
  width: 100%;
  min-width: 15em;
  background-color: #fff;
}

.c28 {
  border: 0px;
  border-spacing: 0;
}

.c29 {
  border: 0px;
  border-spacing: 0;
  text-align: right;
}

.c26 {
  cursor: auto;
}

.c26 > .c27 {
  border-spacing: 0;
  border-top: 1px solid rgba(34,36,38,.1);
  padding-top: 8px;
  padding-bottom: 8px;
}

@media screen and (min-width:768px) and (max-width:1023px) {
  .c2 {
    display: none;
  }
}

@media screen and (min-width:1024px) and (max-width:1279px) {
  .c2 {
    display: none;
  }
}

@media screen and (min-width:1280px) {
  .c2 {
    display: none;
  }
}

<div
  className="c0"
>
  <div
    className="c1"
  >
    <div
      className="c2"
    />
    <div
      className="c3"
      width="100%"
    >
      <div
        className="c4 c5"
        cursor="inherit"
        height="auto"
        overflow="hidden"
        width="100%"
      >
        <div
          className=""
          style={
            Object {
              "borderTop": "5px solid var(--orange, #f00)",
            }
          }
        />
        <div
          className="c6"
          height="calc(100% - 5px)"
        >
          <div
            className="c7"
          >
            <svg
              className="c8"
              clipRule="evenodd"
              color="#53657d"
              cursor="inherit"
              fill="currentcolor"
              fillRule="evenodd"
              height="20"
              m={8}
              ml={0}
              viewBox="0 0 22 24"
              width="20"
            >
              <path
                d="M10.569.416c.304.054.49.351.403.649-1.501 3.784-3.35 7.42-5.026 11.129a.508.508 0 01-.799.145C3.523 10.552 2.065 8.622.525 6.762a.51.51 0 01.095-.717C3.745 4.044 7.045 2.333 10.258.478c.092-.048.102-.08.311-.062zM1.657 6.583l3.715 4.484 4.052-8.968-7.767 4.484z"
                fill="currentcolor"
              />
              <path
                d="M5.562 11.501a.54.54 0 01.363.246c1.845 3.628 3.354 7.417 5.03 11.126.155.391-.248.816-.656.652-3.296-1.704-6.428-3.709-9.641-5.564a.512.512 0 01-.161-.706c1.454-1.928 3.079-3.72 4.619-5.579.104-.115.111-.204.446-.175zm-3.905 5.897l7.767 4.484-4.052-8.968-3.715 4.484z"
                fill="currentcolor"
              />
              <path
                d="M10.546.413a.53.53 0 01.404.279c1.104 2.616 1.961 5.33 2.94 7.995a.511.511 0 01-.241.611c-2.607 1.17-5.314 2.102-7.972 3.151a.508.508 0 01-.647-.62C6.535 8.048 8.38 4.411 10.055.702c.096-.188.176-.3.491-.289zM6.447 11.084l6.351-2.508-2.34-6.368-4.011 8.876z"
                fill="currentcolor"
              />
              <path
                d="M.966 5.958c.173.03.211.071.287.141 1.627 1.784 3.083 3.717 4.623 5.577a.513.513 0 01.028.593c-1.453 1.928-3.079 3.72-4.619 5.579-.279.306-.812.15-.872-.268C.239 13.873.411 10.158.411 6.448c.014-.298.15-.522.555-.49zm.432 10.206l3.457-4.173-3.457-4.174v8.347z"
                fill="currentcolor"
              />
              <path
                d="M13.476 8.367a.51.51 0 01.444.508c-.183 2.432-.558 4.846-.838 7.269a.51.51 0 01-.702.389c-2.429-1.277-4.754-2.743-7.131-4.115a.512.512 0 01.03-.87c2.612-1.155 5.311-2.1 7.967-3.149.067-.024.068-.042.23-.032zm-6.848 3.707l5.56 3.21.654-5.665-6.214 2.455z"
                fill="currentcolor"
              />
              <path
                d="M5.524 11.498c.064.006.119.02.178.044 2.44 1.261 4.758 2.745 7.137 4.118.181.116.27.313.237.526-.595 2.372-1.398 4.688-2.098 7.031a.508.508 0 01-.902.103c-1.847-3.627-3.354-7.417-5.03-11.126-.133-.336-.001-.701.478-.696zm4.887 10.17l1.597-5.348-5.431-3.136 3.834 8.484zM10.548.413a.638.638 0 01.166.045c3.29 1.712 6.426 3.708 9.638 5.562a.509.509 0 01-.039.875c-2.202.906-4.479 1.619-6.718 2.427a.512.512 0 01-.615-.255c-1.093-2.619-1.959-5.328-2.938-7.992-.106-.332.043-.682.506-.662zm3.173 7.814l5.218-1.883-7.501-4.331 2.283 6.214z"
                fill="currentcolor"
              />
              <path
                d="M13.475 8.367a.544.544 0 01.317.159c2.351 2.809 4.47 5.804 6.705 8.706.232.33-.033.819-.444.792-2.536-.379-5.036-.967-7.554-1.452a.508.508 0 01-.4-.5c.179-2.433.558-4.847.838-7.271a.498.498 0 01.538-.434zm-.34 7.322l5.785 1.114-5.142-6.681-.643 5.567z"
                fill="currentcolor"
              />
              <path
                d="M12.643 15.597c2.537.375 5.037.967 7.556 1.452 0 0 .673.518.189.889-3.129 1.992-6.424 3.711-9.636 5.566-.352.183-.796-.128-.73-.528.599-2.371 1.398-4.687 2.097-7.03.078-.225.183-.37.524-.349zm-1.31 6.431l7.38-4.26-5.776-1.112-1.604 5.372z"
                fill="currentcolor"
              />
              <path
                d="M20.16 5.957a.51.51 0 01.437.446c.169 3.706.002 7.42.002 11.13-.019.415-.546.64-.855.336-2.367-2.798-4.473-5.806-6.708-8.71a.51.51 0 01.181-.748c2.2-.913 4.48-1.619 6.721-2.427.064-.02.072-.036.222-.027zm-5.93 3.135l5.382 6.991V7.15L14.23 9.092z"
                fill="currentcolor"
              />
              <path
                d="M10.634.009a.9.9 0 01.323.112l9.601 5.543c.408.262.437.46.452.784v11.085c-.015.327-.076.542-.452.784l-9.601 5.543c-.43.222-.616.148-.904 0L.452 18.317c-.407-.262-.437-.46-.452-.784V6.448c.023-.484.18-.608.452-.784L10.053.121c.152-.078.215-.147.581-.112zM1.809 6.97v10.041l8.696 5.021 8.696-5.021V6.97l-8.696-5.02-8.696 5.02z"
              />
            </svg>
            <a
              className="c9"
              color="text"
              href="/news/list/"
              onClick={[Function]}
            >
              <h3
                className="c10"
                cursor="inherit"
                fontSize={4}
              >
                News
              </h3>
            </a>
            <div
              className="c11"
            />
          </div>
          <div
            className="c12"
            data-tag="loading-spinner"
            height={32}
            width={32}
          >
            <svg
              height={32}
              id="svg"
              version="1.1"
              viewBox="0 0 220 220"
              width={32}
              xmlns="http://www.w3.org/2000/svg"
              xmlnsXlink="http://www.w3.org/1999/xlink"
            >
              <path
                d="M80.296,0.12l14.673,54.761l40.088,-40.088l-54.761,-14.673Z"
              />
              <path
                d="M149.73,69.554l-14.673,-54.761l-40.088,40.088l54.761,14.673Z"
              />
              <path
                d="M189.818,29.466l-54.761,-14.673l14.673,54.761l40.088,-40.088Z"
              />
              <path
                d="M204.491,84.228l-14.673,-54.762l-40.088,40.088l54.761,14.674Z"
              />
              <path
                d="M164.403,124.316l40.088,-40.088l-54.761,-14.674l14.673,54.762Z"
              />
              <path
                d="M219.165,138.989l-14.674,-54.761l-40.088,40.088l54.762,14.673Z"
              />
              <path
                d="M179.077,179.077l-14.674,-54.761l54.762,14.673l-40.088,40.088Z"
              />
              <path
                d="M124.316,164.403l54.761,14.674l-14.674,-54.761l-40.087,40.087Z"
              />
              <path
                d="M138.989,219.165l40.088,-40.088l-54.761,-14.674l14.673,54.762Z"
              />
              <path
                d="M84.228,204.491l54.761,14.674l-14.673,-54.762l-40.088,40.088Z"
              />
              <path
                d="M69.554,149.73l14.674,54.761l40.088,-40.088l-54.762,-14.673Z"
              />
              <path
                d="M29.466,189.818l54.762,14.673l-14.674,-54.761l-40.088,40.088Z"
              />
              <path
                d="M14.793,135.057l14.673,54.761l40.088,-40.088l-54.761,-14.673Z"
              />
              <path
                d="M54.881,94.969l-40.088,40.088l54.761,14.673l-14.673,-54.761Z"
              />
              <path
                d="M0.12,80.296l14.673,54.761l40.088,-40.088l-54.761,-14.673Z"
              />
              <path
                d="M40.208,40.208l-40.088,40.088l54.761,14.673l-14.673,-54.761Z"
              />
              <path
                d="M94.969,54.881l-54.761,-14.673l14.673,54.761l40.088,-40.088Z"
              />
              <path
                d="M80.296,0.12l-40.088,40.088l54.761,14.673l-14.673,-54.761Z"
              />
            </svg>
          </div>
        </div>
      </div>
      <div
        className="c4 c5"
        cursor="inherit"
        height="auto"
        overflow="hidden"
        width="100%"
      >
        <div
          className=""
          style={
            Object {
              "borderTop": "5px solid var(--blue, #f00)",
            }
          }
        />
        <div
          className="c6"
          height="calc(100% - 5px)"
        >
          <div
            className="c7"
          >
            <svg
              className="c8"
              clipRule="evenodd"
              color="#53657d"
              cursor="inherit"
              fill="currentcolor"
              fillRule="evenodd"
              height="20"
              m={8}
              ml={0}
              viewBox="0 0 24 23"
              width="20"
            >
              <path
                d="M12 0l3.708 7.514L24 8.719l-6 5.848 1.416 8.259-7.416-3.9-7.417 3.9L6 14.567 0 8.72l8.292-1.205L12 0z"
              />
            </svg>
            <a
              className="c9"
              color="text"
              href="/files?path=%2Fhome%2Ftest%40test%2Ffavorites"
              onClick={[Function]}
            >
              <h3
                className="c10"
                cursor="inherit"
                fontSize={4}
              >
                Favorite Files
              </h3>
            </a>
            <div
              className="c11"
            />
          </div>
          <div
            className="c13"
            height="calc(100% - 60px)"
            width="100%"
          >
            <h4
              className="c14"
              cursor="inherit"
              fontSize={3}
            >
              No favorite files
            </h4>
            <div
              className="c15"
              cursor="inherit"
            >
              Click the 
              <svg
                className="c16"
                clipRule="evenodd"
                cursor="inherit"
                fill="currentcolor"
                fillRule="evenodd"
                height={24}
                viewBox="0 0 24 23"
                width={24}
              >
                <path
                  d="M15.708 7.514L24 8.719l-6 5.848 1.416 8.259-7.416-3.9-7.417 3.9L6 14.567 0 8.72l8.292-1.205L12 0l3.708 7.514zm-5.424 2.742l-3.837.557 2.776 2.707-.655 3.821L12 15.537l3.432 1.804-.656-3.82 2.777-2.708-3.837-.557L12 6.779l-1.716 3.477z"
                  fillRule="nonzero"
                />
              </svg>
               next to one of your files to mark it as a favorite.
              <a
                className="c9"
                color="text"
                href="/files?path=%2Fhome%2Ftest%40test"
                onClick={[Function]}
              >
                <button
                  className="c17"
                  color="blue"
                >
                  Explore files
                </button>
              </a>
            </div>
          </div>
          <div
            className="c18"
            fontSize="large"
          />
        </div>
      </div>
      <div
        className="c4 c5"
        cursor="inherit"
        height="auto"
        overflow="hidden"
        width="100%"
      >
        <div
          className=""
          style={
            Object {
              "borderTop": "5px solid var(--purple, #f00)",
            }
          }
        />
        <div
          className="c6"
          height="calc(100% - 5px)"
        >
          <div
            className="c7"
          >
            <svg
              className="c8"
              clipRule="evenodd"
              color="#53657d"
              cursor="inherit"
              fill="currentcolor"
              fillRule="evenodd"
              height="20"
              m={8}
              ml={0}
              viewBox="0 0 24 25"
              width="20"
            >
              <path
                d="M13.206 5.723l10.023 5.108c.492.25.77.67.77 1.17 0 .49-.278.92-.77 1.17L5.228 22.337l7.978-16.615z"
                fill="currentcolor"
              />
              <path
                d="M5.229 22.338l-2.884 1.469a1.72 1.72 0 01-1.562.006C.284 23.564 0 23.138 0 22.638V1.358C0 .858.284.43.783.183a1.714 1.714 0 011.562.006l10.861 5.533-7.977 16.616z"
              />
            </svg>
            <a
              className="c9"
              color="text"
              href="/applications/results"
              onClick={[Function]}
            >
              <h3
                className="c10"
                cursor="inherit"
                fontSize={4}
              >
                Recent Runs
              </h3>
            </a>
            <div
              className="c11"
            />
          </div>
          <div
            className="c12"
            data-tag="loading-spinner"
            height={32}
            width={32}
          >
            <svg
              height={32}
              id="svg"
              version="1.1"
              viewBox="0 0 220 220"
              width={32}
              xmlns="http://www.w3.org/2000/svg"
              xmlnsXlink="http://www.w3.org/1999/xlink"
            >
              <path
                d="M80.296,0.12l14.673,54.761l40.088,-40.088l-54.761,-14.673Z"
              />
              <path
                d="M149.73,69.554l-14.673,-54.761l-40.088,40.088l54.761,14.673Z"
              />
              <path
                d="M189.818,29.466l-54.761,-14.673l14.673,54.761l40.088,-40.088Z"
              />
              <path
                d="M204.491,84.228l-14.673,-54.762l-40.088,40.088l54.761,14.674Z"
              />
              <path
                d="M164.403,124.316l40.088,-40.088l-54.761,-14.674l14.673,54.762Z"
              />
              <path
                d="M219.165,138.989l-14.674,-54.761l-40.088,40.088l54.762,14.673Z"
              />
              <path
                d="M179.077,179.077l-14.674,-54.761l54.762,14.673l-40.088,40.088Z"
              />
              <path
                d="M124.316,164.403l54.761,14.674l-14.674,-54.761l-40.087,40.087Z"
              />
              <path
                d="M138.989,219.165l40.088,-40.088l-54.761,-14.674l14.673,54.762Z"
              />
              <path
                d="M84.228,204.491l54.761,14.674l-14.673,-54.762l-40.088,40.088Z"
              />
              <path
                d="M69.554,149.73l14.674,54.761l40.088,-40.088l-54.762,-14.673Z"
              />
              <path
                d="M29.466,189.818l54.762,14.673l-14.674,-54.761l-40.088,40.088Z"
              />
              <path
                d="M14.793,135.057l14.673,54.761l40.088,-40.088l-54.761,-14.673Z"
              />
              <path
                d="M54.881,94.969l-40.088,40.088l54.761,14.673l-14.673,-54.761Z"
              />
              <path
                d="M0.12,80.296l14.673,54.761l40.088,-40.088l-54.761,-14.673Z"
              />
              <path
                d="M40.208,40.208l-40.088,40.088l54.761,14.673l-14.673,-54.761Z"
              />
              <path
                d="M94.969,54.881l-54.761,-14.673l14.673,54.761l40.088,-40.088Z"
              />
              <path
                d="M80.296,0.12l-40.088,40.088l54.761,14.673l-14.673,-54.761Z"
              />
            </svg>
          </div>
        </div>
      </div>
      <div
        className="c4 c5"
        cursor="inherit"
        height="auto"
        overflow="hidden"
        width="100%"
      >
        <div
          className=""
          style={
            Object {
              "borderTop": "5px solid var(--darkGreen, #f00)",
            }
          }
        />
        <div
          className="c6"
          height="calc(100% - 5px)"
        >
          <div
            className="c7"
          >
            <svg
              className="c8"
              clipRule="evenodd"
              color="#53657d"
              cursor="inherit"
              fill="currentcolor"
              fillRule="evenodd"
              height="20"
              m={8}
              ml={0}
              viewBox="0 0 24 24"
              width="20"
            >
              <path
                d="M20.47 15.333V8c0-4.4-3.811-8-8.47-8C7.34 0 3.53 3.6 3.53 8v7.333L0 20h24l-3.53-4.667z"
                fillRule="nonzero"
              />
              <path
                d="M12 24c1.56 0 2.823-1.194 2.823-2.667H9.176C9.176 22.806 10.44 24 12 24"
                fill="currentcolor"
                fillRule="nonzero"
              />
            </svg>
            <h3
              className="c10"
              cursor="inherit"
              fontSize={4}
            >
              Recent Notifications
            </h3>
            <div
              className="c11"
            />
            <div
              className="c19"
              color="#8393A7"
            >
              <svg
                className="c20"
                clipRule="evenodd"
                color="iconColor"
                color2="#8393A7"
                cursor="pointer"
                fill="currentcolor"
                fillRule="evenodd"
                height={24}
                onClick={[Function]}
                title="Mark all as read"
                viewBox="0 0 25 19"
                width={24}
              >
                <path
                  d="M7.999 15l-6-6.019-2 2.02 8 8 16-17-2.001-2-14 15z"
                  fillRule="nonzero"
                />
                <path
                  d="M13 16.962L14.999 19 24 9.96l-2-1.999-9 9z"
                  fill="#8393A7"
                  fillRule="nonzero"
                />
              </svg>
            </div>
          </div>
          <div
            className="c13"
            height="calc(100% - 60px)"
            width="100%"
          >
            <h4
              className="c14"
              cursor="inherit"
              fontSize={3}
            >
              No notifications
            </h4>
            <div
              className="c15"
              cursor="inherit"
            >
              As you as use UCloud notifications will appear here.
              <a
                className="c21"
                color="text"
                href="/applications/overview"
                mt={8}
                onClick={[Function]}
              >
                <button
                  className="c22"
                  color="blue"
                >
                  Explore UCloud
                </button>
              </a>
            </div>
          </div>
          <div
            className="c18"
            fontSize="large"
          />
        </div>
      </div>
      <div
        className="c4 c5"
        cursor="inherit"
        height="auto"
        overflow="hidden"
        width="100%"
      >
        <div
          className=""
          style={
            Object {
              "borderTop": "5px solid var(--red, #f00)",
            }
          }
        />
        <div
          className="c6"
          height="calc(100% - 5px)"
        >
          <div
            className="c7"
          >
            <svg
              className="c8"
              clipRule="evenodd"
              color="#53657d"
              cursor="inherit"
              fill="currentcolor"
              fillRule="evenodd"
              height="20"
              m={8}
              ml={0}
              viewBox="0 0 24 18"
              width="20"
            >
              <path
                d="M0 0v13.714h24V0H0zm8.598 12H4.291a2.574 2.574 0 00-2.576-2.577v-4.28a3.432 3.432 0 003.428-3.429h3.455c-1.066 1.26-1.74 3.097-1.74 5.143s.674 3.884 1.74 5.143zm13.688-2.577A2.59 2.59 0 0019.715 12h-4.313c1.066-1.26 1.741-3.097 1.741-5.143s-.675-3.884-1.74-5.143h3.454a3.432 3.432 0 003.429 3.429v4.28z"
                fillRule="nonzero"
              />
              <path
                d="M0 15.428h24v1.715H0z"
                fill="currentcolor"
                fillRule="nonzero"
              />
            </svg>
            <a
              className="c9"
              color="text"
              href="/project/subprojects"
              onClick={[Function]}
            >
              <h3
                className="c10"
                cursor="inherit"
                fontSize={4}
              >
                Resources
              </h3>
            </a>
            <div
              className="c11"
            />
          </div>
          <div
            className="c13"
            height="calc(100% - 60px)"
            width="100%"
          >
            <h4
              className="c14"
              cursor="inherit"
              fontSize={3}
            >
              No available resources
            </h4>
            <div
              className="c15"
              cursor="inherit"
            >
              Apply for resources to use storage and compute on UCloud.
              <a
                className="c9"
                color="text"
                href="/project/grants-landing"
                onClick={[Function]}
              >
                <button
                  className="c23"
                  color="blue"
                >
                  Apply for resources
                </button>
              </a>
            </div>
          </div>
        </div>
      </div>
      <div
        className="c4 c5"
        cursor="inherit"
        height="auto"
        overflow="hidden"
        width="100%"
      >
        <div
          className=""
          style={
            Object {
              "borderTop": "5px solid var(--yellow, #f00)",
            }
          }
        />
        <div
          className="c6"
          height="calc(100% - 5px)"
        >
          <div
            className="c7"
          >
            <svg
              className="c8"
              clipRule="evenodd"
              color="#53657d"
              cursor="inherit"
              fill="currentcolor"
              fillRule="evenodd"
              height="20"
              m={8}
              ml={0}
              viewBox="0 0 16 24"
              width="20"
            >
              <path
                d="M1.501 0a1.5 1.5 0 00-1.5 1.5v4.718A2 2 0 00.647 7.69L5.332 12 .645 16.32a2 2 0 00-.644 1.47V22.5a1.5 1.5 0 001.5 1.5h13a1.5 1.5 0 001.5-1.5V17.79a2 2 0 00-.644-1.47L10.67 12l4.685-4.31a2 2 0 00.646-1.472V1.5a1.5 1.5 0 00-1.5-1.5h-13zm11.831 17.532v4.125H2.67v-4.125L8 12.617l5.331 4.915zm-5.331-6.144L2.67 6.473V2.284h10.668v4.183l-5.337 4.921z"
                fillRule="nonzero"
              />
              <path
                d="M2.67 6.472l10.669-.006L8 11.388 2.67 6.472zM2.67 18.533h10.662v3.125H2.67z"
                fill="currentcolor"
              />
              <path
                d="M8 12.618l1 6.915H7l1-6.915z"
                fill="currentcolor"
              />
            </svg>
            <a
              className="c9"
              color="text"
              href="/project/usage"
              onClick={[Function]}
            >
              <h3
                className="c10"
                cursor="inherit"
                fontSize={4}
              >
                Usage
              </h3>
            </a>
            <div
              className="c11"
            />
          </div>
          <div
            className="c24"
            color="darkGray"
            cursor="inherit"
            fontSize={1}
          >
            Past 30 days
          </div>
          <table
            className="c25"
            width="100%"
          >
            <tbody>
              <tr
                className="c26"
                cursor="auto"
              >
                <td
                  className="c27 c28"
                >
                  Storage
                </td>
                <td
                  className="c27 c29"
                >
                  0 DKK
                </td>
              </tr>
              <tr
                className="c26"
                cursor="auto"
              >
                <td
                  className="c27 c28"
                >
                  Compute
                </td>
                <td
                  className="c27 c29"
                >
                  0 DKK
                </td>
              </tr>
            </tbody>
          </table>
        </div>
      </div>
      <div
        className="c30 c5"
        cursor="inherit"
        height="auto"
        overflow="hidden"
        width="100%"
      >
        <div
          className=""
          style={
            Object {
              "borderTop": "5px solid var(--green, #f00)",
            }
          }
        />
        <div
          className="c6"
          height="calc(100% - 5px)"
        >
          <div
            className="c7"
          >
            <svg
              className="c8"
              clipRule="evenodd"
              color="#53657d"
              cursor="inherit"
              fill="currentcolor"
              fillRule="evenodd"
              height="20"
              m={8}
              ml={0}
              viewBox="0 0 24 21"
              width="20"
            >
              <path
                d="M9.898 19.684l5.017-5.335-4.598-.044-.419 5.379z"
                fill="#798aa0"
              />
              <path
                d="M.586 8.691a.918.918 0 00.041 1.726l7.966 2.654 9.693 7.238a.999.999 0 001.575-.587l4.111-18.697a.845.845 0 00-1.129-.968L.586 8.691z"
              />
              <path
                d="M7.542 12.72s7.743-5.83 11.934-8.494a.236.236 0 01.315.056.239.239 0 01-.028.319c-3.382 3.112-9.357 9.823-9.357 9.823s-.237 2.997-.41 5.052a.34.34 0 01-.663.07c-.738-2.441-1.791-6.826-1.791-6.826z"
                fill="url(#mail_svg___Linear1)"
              />
              <defs>
                <linearGradient
                  gradientTransform="matrix(7 -6 6 7 7.996 13.785)"
                  gradientUnits="userSpaceOnUse"
                  id="mail_svg___Linear1"
                  x1={0}
                  x2={1}
                  y1={0}
                  y2={0}
                >
                  <stop
                    offset={0}
                    stopColor="currentcolor"
                  />
                  <stop
                    offset={1}
                    stopColor="#3d4b5c"
                  />
                </linearGradient>
              </defs>
            </svg>
            <a
              className="c9"
              color="text"
              href="/project/grants/outgoing"
              onClick={[Function]}
            >
              <h3
                className="c10"
                cursor="inherit"
                fontSize={4}
              >
                Grant Applications
              </h3>
            </a>
            <div
              className="c11"
            />
          </div>
          <div
            className="c18"
            fontSize="large"
          />
          <h3
            className="c10"
            cursor="inherit"
            fontSize={4}
          >
            No recent outgoing grant applications
          </h3>
          <div
            className="c15"
            cursor="inherit"
          >
            Apply for resources to use storage and compute on UCloud.
            <a
              className="c9"
              color="text"
              href="/project/grants-landing"
              onClick={[Function]}
            >
              <button
                className="c22"
                color="blue"
              >
                Apply for resources
              </button>
            </a>
          </div>
          <div
            className="c18"
            fontSize="large"
          />
        </div>
      </div>
    </div>
  </div>
</div>
`;
