// Jest Snapshot v1, https://goo.gl/fbAQLP

exports[`Activity Page Mount Activity Page, without project 1`] = `
.c35 {
  display: -webkit-box;
  display: -webkit-flex;
  display: -ms-flexbox;
  display: flex;
  -webkit-box-pack: center;
  -webkit-justify-content: center;
  -ms-flex-pack: center;
  justify-content: center;
}

.c32 {
  display: -webkit-box;
  display: -webkit-flex;
  display: -ms-flexbox;
  display: flex;
}

.c1 {
  margin-left: 190px;
  padding-top: 48px;
  padding-bottom: 14px;
  padding-left: 14px;
  padding-right: 0;
  background-color: #fff;
}

.c2 {
  padding-top: 14px;
  padding-bottom: 14px;
  padding-left: 204px;
  padding-right: 14px;
  width: 100%;
  height: 96px;
  background-color: #fff;
}

.c7 {
  padding-top: 144px;
  padding-left: 14px;
  padding-right: 14px;
  width: 290px;
  height: 100%;
}

.c10 {
  margin-bottom: 16px;
}

.c21 {
  padding-top: 96px;
  padding-right: 290px;
}

.c3 {
  position: absolute;
  top: 48px;
  left: 0;
}

.c8 {
  position: absolute;
  top: 0;
  right: 0;
}

.c36 {
  font-smoothing: antialiased;
  display: -webkit-inline-box;
  display: -webkit-inline-flex;
  display: -ms-inline-flexbox;
  display: inline-flex;
  -webkit-box-pack: center;
  -webkit-justify-content: center;
  -ms-flex-pack: center;
  justify-content: center;
  -webkit-align-items: center;
  -webkit-box-align: center;
  -ms-flex-align: center;
  align-items: center;
  text-align: center;
  -webkit-text-decoration: none;
  text-decoration: none;
  font-family: inherit;
  font-weight: 700;
  line-height: 1.5;
  cursor: pointer;
  border-radius: 5px;
  background-color: var(--blue,#f00);
  color: var(--white,#f00);
  border-width: 0;
  border-style: solid;
  -webkit-transition: cubic-bezier(0.5,0,0.25,1) 60ms;
  transition: cubic-bezier(0.5,0,0.25,1) 60ms;
  font-size: 14px;
  padding: 9.5px 18px;
}

.c36:disabled {
  opacity: 0.25;
}

.c36:focus {
  outline: none;
}

.c36:hover {
  -webkit-transform: translateY(-2px);
  -ms-transform: translateY(-2px);
  transform: translateY(-2px);
}

.c16 {
  -webkit-flex: none;
  -ms-flex: none;
  flex: none;
  vertical-align: middle;
  cursor: inherit;
  margin-left: .7em;
}

.c33 {
  -webkit-flex: none;
  -ms-flex: none;
  flex: none;
  vertical-align: middle;
  cursor: inherit;
  margin-right: 0.5em;
}

.c5 {
  cursor: inherit;
  font-size: 32px;
  margin: 0;
  font-weight: 700;
}

.c11 {
  cursor: inherit;
  font-size: 24px;
  margin: 0;
  font-weight: 400;
}

.c15 {
  cursor: pointer;
}

.c31 {
  cursor: inherit;
  font-size: 14px;
  color: #1e252e;
}

.c34 {
  cursor: inherit;
  color: #000;
}

.c19 {
  display: block;
  font-family: inherit;
  color: var(--black,#f00);
  background-color: transparent;
  margin: 0;
  border-width: 2px;
  border-color: #c9d3df;
  border-style: solid;
  padding-top: 7px;
  padding-bottom: 7px;
  padding-left: 12px;
  padding-right: 12px;
  border-radius: 5px;
  width: 100%;
}

.c19:focus {
  outline: 0;
  border-color: #006aff;
}

.c19:invalid {
  border-color: var(--red,#f00);
}

.c19::-webkit-input-placeholder {
  color: var(--gray,#f00);
}

.c19::-moz-placeholder {
  color: var(--gray,#f00);
}

.c19:-ms-input-placeholder {
  color: var(--gray,#f00);
}

.c19::placeholder {
  color: var(--gray,#f00);
}

.c19:focus {
  outline: none;
  background-color: transparent;
}

.c19:disabled {
  background-color: var(--lightGray,#f00);
}

.c13 {
  font-size: 10px;
  -webkit-letter-spacing: 0.2px;
  -moz-letter-spacing: 0.2px;
  -ms-letter-spacing: 0.2px;
  letter-spacing: 0.2px;
  display: block;
  margin: 0;
  font-size: 14px;
  color: #000;
  font-weight: 700;
  width: 100%;
}

.c12 {
  cursor: pointer;
  -webkit-text-decoration: none;
  text-decoration: none;
  color: #1e252e;
}

.c12:hover {
  color: var(--textHighlight);
}

.c17 {
  display: -webkit-box;
  display: -webkit-flex;
  display: -ms-flexbox;
  display: flex;
  -webkit-align-items: center;
  -webkit-box-align: center;
  -ms-flex-align: center;
  align-items: center;
  border-radius: 5px;
  border-width: 1px;
  border-style: solid;
  border-color: #c9d3df;
}

.c17 > .c0 {
  width: 100%;
  -webkit-flex: 1 1 auto;
  -ms-flex: 1 1 auto;
  flex: 1 1 auto;
}

.c17 .c18 {
  border: 0;
  box-shadow: none;
}

.c14 {
  position: relative;
  display: inline-block;
}

.c14:hover > div {
  display: block;
}

.c4 {
  position: fixed;
  z-index: 50;
}

.c9 {
  overflow-y: auto;
  position: fixed;
  z-index: 45;
}

.c20 {
  -webkit-appearance: none;
  -moz-appearance: none;
  appearance: none;
  display: block;
  width: 100%;
  font-family: inherit;
  color: inherit;
  font-size: 14px;
  background-color: transparent;
  border-radius: 5px;
  border-width: 0px;
  border-style: solid;
  border-color: var(--borderGray,#f00);
  padding-top: 14px;
  padding-bottom: 14px;
  padding-left: 12px;
  padding-right: 12px;
  margin: 0;
}

.c20::-webkit-input-placeholder {
  color: var(--gray,#f00);
}

.c20::-moz-placeholder {
  color: var(--gray,#f00);
}

.c20:-ms-input-placeholder {
  color: var(--gray,#f00);
}

.c20::placeholder {
  color: var(--gray,#f00);
}

.c20::-ms-clear {
  display: none;
}

.c23 {
  background-color: #fff;
  border: 0px;
  border-spacing: 0;
  table-layout: fixed;
  width: 100%;
  min-width: 15em;
  background-color: #fff;
}

.c30 {
  border: 0px;
  border-spacing: 0;
}

.c25 {
  cursor: auto;
}

.c25 > .c29 {
  border-spacing: 0;
  border-top: 1px solid rgba(34,36,38,.1);
  padding-top: 8px;
  padding-bottom: 8px;
}

.c24 {
  background-color: var(--white,#f00);
  padding-top: 11px;
  padding-bottom: 11px;
}

.c27 {
  border-spacing: 0;
  border: 0px;
  width: 12em;
}

.c28 {
  border-spacing: 0;
  border: 0px;
  width: 99%;
}

.c26 {
  vertical-align: top;
}

.c26 a {
  color: var(--text,#f00);
}

.c26 a:hover {
  color: var(--text,#f00);
}

.c26 div.ellipsis {
  overflow: hidden;
  text-overflow: ellipsis;
  display: inline-block;
  vertical-align: bottom;
}

@media screen and (max-width:511px) {
  .c6 {
    display: none;
  }
}

@media screen and (min-width:512px) and (max-width:639px) {
  .c6 {
    display: none;
  }
}

@media screen and (min-width:640px) and (max-width:767px) {
  .c6 {
    display: none;
  }
}

@media screen and (min-width:768px) and (max-width:1023px) {
  .c22 {
    display: none;
  }
}

@media screen and (min-width:1024px) and (max-width:1279px) {
  .c22 {
    display: none;
  }
}

@media screen and (min-width:1280px) {
  .c22 {
    display: none;
  }
}

<div
  className="c0 c1"
>
  <div
    className="c0 c2 c3 c4"
    height={96}
    width={1}
  >
    <h2
      className="c5"
      cursor="inherit"
      fontSize={5}
    >
      File Activity
    </h2>
  </div>
  <div
    className="c6"
  >
    <div
      className="c0 c7 c8 c9"
      data-tag="sidebar"
      height="100%"
      width={290}
    >
      <div
        className="c0 c10"
      >
        <h3
          className="c11"
          cursor="inherit"
          fontSize={4}
        >
          Quick Filters
        </h3>
        <div
          className="c0 c10"
        >
          <a
            className="c12"
            color="text"
            href="#"
            onClick={[Function]}
            style={
              Object {
                "display": "block",
              }
            }
          >
            Today
          </a>
          <a
            className="c12"
            color="text"
            href="#"
            onClick={[Function]}
            style={
              Object {
                "display": "block",
              }
            }
          >
            Yesterday
          </a>
          <a
            className="c12"
            color="text"
            href="#"
            onClick={[Function]}
            style={
              Object {
                "display": "block",
              }
            }
          >
            This week
          </a>
          <a
            className="c12"
            color="text"
            href="#"
            onClick={[Function]}
            style={
              Object {
                "display": "block",
              }
            }
          >
            No filter
          </a>
        </div>
      </div>
      <h3
        className="c11"
        cursor="inherit"
        fontSize={4}
      >
        Active Filters
      </h3>
      <div
        className="c0 c10"
      >
        <label
          className="c13"
          color="black"
          fontSize={1}
          fontWeight="bold"
          width="100%"
        >
          Filter by event type
        </label>
        <div
          className="c14"
          data-tag="dropdown"
        >
          <span
            className="c15"
            cursor="pointer"
            onClick={[Function]}
          >
            Don't filter
            <svg
              className="c16"
              clipRule="evenodd"
              cursor="inherit"
              fill="currentcolor"
              fillRule="evenodd"
              height=".7em"
              ml=".7em"
              viewBox="0 0 24 20"
              width=".7em"
            >
              <path
                d="M11.998 19.999c-.598 0-1.028-.61-1.028-.61L.365 2.268C-.453 1.02.153 0 1.703 0h20.593c1.554 0 2.156 1.02 1.34 2.27l-10.61 17.121c0-.002-.43.608-1.028.608z"
                fillRule="nonzero"
              />
            </svg>
          </span>
        </div>
      </div>
      <div
        className="c0 c10"
      >
        <label
          className="c13"
          color="black"
          fontSize={1}
          fontWeight="bold"
          width="100%"
        >
          Filter by username
        </label>
        <div
          className="c17"
        >
          <input
            className="c18 c19"
            id="default"
            onKeyUp={[Function]}
            placeholder="Don't filter"
            width="100%"
          />
        </div>
      </div>
      <div
        className="c0 c10"
      >
        <label
          className="c13"
          color="black"
          fontSize={1}
          fontWeight="bold"
          width="100%"
        >
          Event created after
        </label>
        <div
          className="c17"
        >
          <div
            className="react-datepicker-wrapper"
          >
            <div
              className="react-datepicker__input-container"
            >
              <input
                className="c20"
                disabled={false}
                onBlur={[Function]}
                onChange={[Function]}
                onClick={[Function]}
                onFocus={[Function]}
                onKeyDown={[Function]}
                placeholder="Don't filter"
                readOnly={false}
                type="text"
                value=""
              />
            </div>
          </div>
        </div>
      </div>
      <div
        className="c0 c10"
      >
        <label
          className="c13"
          color="black"
          fontSize={1}
          fontWeight="bold"
          width="100%"
        >
          Event created before
        </label>
        <div
          className="c17"
        >
          <div
            className="react-datepicker-wrapper"
          >
            <div
              className="react-datepicker__input-container"
            >
              <input
                className="c20"
                disabled={false}
                onBlur={[Function]}
                onChange={[Function]}
                onClick={[Function]}
                onFocus={[Function]}
                onKeyDown={[Function]}
                placeholder="Don't filter"
                readOnly={false}
                type="text"
                value=""
              />
            </div>
          </div>
        </div>
      </div>
    </div>
  </div>
  <div
    className="c0 c21"
  >
    <div
      className="c22"
    >
      <div
        className="c0 c10"
      >
        <h3
          className="c11"
          cursor="inherit"
          fontSize={4}
        >
          Quick Filters
        </h3>
        <div
          className="c0 c10"
        >
          <a
            className="c12"
            color="text"
            href="#"
            onClick={[Function]}
            style={
              Object {
                "display": "block",
              }
            }
          >
            Today
          </a>
          <a
            className="c12"
            color="text"
            href="#"
            onClick={[Function]}
            style={
              Object {
                "display": "block",
              }
            }
          >
            Yesterday
          </a>
          <a
            className="c12"
            color="text"
            href="#"
            onClick={[Function]}
            style={
              Object {
                "display": "block",
              }
            }
          >
            This week
          </a>
          <a
            className="c12"
            color="text"
            href="#"
            onClick={[Function]}
            style={
              Object {
                "display": "block",
              }
            }
          >
            No filter
          </a>
        </div>
      </div>
      <h3
        className="c11"
        cursor="inherit"
        fontSize={4}
      >
        Active Filters
      </h3>
      <div
        className="c0 c10"
      >
        <label
          className="c13"
          color="black"
          fontSize={1}
          fontWeight="bold"
          width="100%"
        >
          Filter by event type
        </label>
        <div
          className="c14"
          data-tag="dropdown"
        >
          <span
            className="c15"
            cursor="pointer"
            onClick={[Function]}
          >
            Don't filter
            <svg
              className="c16"
              clipRule="evenodd"
              cursor="inherit"
              fill="currentcolor"
              fillRule="evenodd"
              height=".7em"
              ml=".7em"
              viewBox="0 0 24 20"
              width=".7em"
            >
              <path
                d="M11.998 19.999c-.598 0-1.028-.61-1.028-.61L.365 2.268C-.453 1.02.153 0 1.703 0h20.593c1.554 0 2.156 1.02 1.34 2.27l-10.61 17.121c0-.002-.43.608-1.028.608z"
                fillRule="nonzero"
              />
            </svg>
          </span>
        </div>
      </div>
      <div
        className="c0 c10"
      >
        <label
          className="c13"
          color="black"
          fontSize={1}
          fontWeight="bold"
          width="100%"
        >
          Filter by username
        </label>
        <div
          className="c17"
        >
          <input
            className="c18 c19"
            id="default"
            onKeyUp={[Function]}
            placeholder="Don't filter"
            width="100%"
          />
        </div>
      </div>
      <div
        className="c0 c10"
      >
        <label
          className="c13"
          color="black"
          fontSize={1}
          fontWeight="bold"
          width="100%"
        >
          Event created after
        </label>
        <div
          className="c17"
        >
          <div
            className="react-datepicker-wrapper"
          >
            <div
              className="react-datepicker__input-container"
            >
              <input
                className="c20"
                disabled={false}
                onBlur={[Function]}
                onChange={[Function]}
                onClick={[Function]}
                onFocus={[Function]}
                onKeyDown={[Function]}
                placeholder="Don't filter"
                readOnly={false}
                type="text"
                value=""
              />
            </div>
          </div>
        </div>
      </div>
      <div
        className="c0 c10"
      >
        <label
          className="c13"
          color="black"
          fontSize={1}
          fontWeight="bold"
          width="100%"
        >
          Event created before
        </label>
        <div
          className="c17"
        >
          <div
            className="react-datepicker-wrapper"
          >
            <div
              className="react-datepicker__input-container"
            >
              <input
                className="c20"
                disabled={false}
                onBlur={[Function]}
                onChange={[Function]}
                onClick={[Function]}
                onFocus={[Function]}
                onKeyDown={[Function]}
                placeholder="Don't filter"
                readOnly={false}
                type="text"
                value=""
              />
            </div>
          </div>
        </div>
      </div>
    </div>
    <table
      className="c23"
      width="100%"
    >
      <thead
        className="c24"
      >
        <tr
          className="c25 c26"
          cursor="auto"
        >
          <th
            className="c27"
            width="12em"
          />
          <th
            className="c28"
            width="99%"
          />
        </tr>
      </thead>
      <tbody>
        <tr
          className="c25 c26"
          cursor="auto"
        >
          <td
            className="c29 c30"
          >
            <div
              className="c31"
              color="text"
              cursor="inherit"
              fontSize={1}
            >
              MOCKED DATE
              <br />
              MOCKED DATE
            </div>
          </td>
          <td
            className="c29 c30"
          >
            <div
              className="c32"
            >
              <svg
                className="c33"
                clipRule="evenodd"
                cursor="inherit"
                fill="currentcolor"
                fillRule="evenodd"
                height={24}
                mr="0.5em"
                viewBox="0 0 24 22"
                width={24}
              >
                <path
                  d="M16.711 4.128H23.4c.33 0 .6.309.6.687v16.5c0 .378-.27.688-.6.688H6.309L16.711 4.128z"
                  fill="currentcolor"
                />
                <path
                  d="M10.8 4.125h5.911L6.309 22H.6c-.33 0-.6-.309-.6-.687V.688C0 .339.229.049.6 0h6.6l3.6 4.125z"
                />
              </svg>
              <div>
                <b>
                  <a
                    href="/files/info?path=%2Fhome%2Fjonas%2Ffolder%20in%20home"
                    onClick={[Function]}
                  >
                    <div
                      className="ellipsis"
                    >
                      <div
                        className="c34"
                        color="black"
                        cursor="inherit"
                        title="folder in home"
                      >
                        folder in home
                      </div>
                    </div>
                  </a>
                </b>
                 
                <span>
                  was 
                  <b>
                    created
                  </b>
                   by 
                  jonas
                </span>
              </div>
            </div>
          </td>
        </tr>
        <tr
          className="c25 c26"
          cursor="auto"
        >
          <td
            className="c29 c30"
          >
            <div
              className="c31"
              color="text"
              cursor="inherit"
              fontSize={1}
            >
              MOCKED DATE
              <br />
              MOCKED DATE
            </div>
          </td>
          <td
            className="c29 c30"
          >
            <div
              className="c32"
            >
              <svg
                className="c33"
                clipRule="evenodd"
                cursor="inherit"
                fill="currentcolor"
                fillRule="evenodd"
                height={24}
                mr="0.5em"
                viewBox="0 0 24 24"
                width={24}
              >
                <path
                  d="M21.757 0A2.26 2.26 0 0124 2.257v19.485c0 1.226-.955 2.208-2.244 2.258H8.245A2.271 2.271 0 016 21.742V17h3v4h12V3H11V0h10.756z"
                  fill="currentcolor"
                />
                <path
                  d="M4.875 5.25H0v3.5h4.875V14h3.25V8.75H13v-3.5H8.125V0h-3.25v5.25z"
                />
              </svg>
              <div>
                <b>
                  <a
                    href="/files/info?path=%2Fhome%2Fjonas%2FIMG_20191206_091915.jpg"
                    onClick={[Function]}
                  >
                    <div
                      className="ellipsis"
                    >
                      <div
                        className="c34"
                        color="black"
                        cursor="inherit"
                        title="IMG_20191206_091915.jpg"
                      >
                        IMG_20191206_091915.jpg
                      </div>
                    </div>
                  </a>
                </b>
                 
                <span>
                   was copied to 
                  Project 2/Repo/IMG_20191206_091915.jpg
                   by 
                  jonas
                </span>
              </div>
            </div>
          </td>
        </tr>
        <tr
          className="c25 c26"
          cursor="auto"
        >
          <td
            className="c29 c30"
          >
            <div
              className="c31"
              color="text"
              cursor="inherit"
              fontSize={1}
            >
              MOCKED DATE
              <br />
              MOCKED DATE
            </div>
          </td>
          <td
            className="c29 c30"
          >
            <div
              className="c32"
            >
              <svg
                className="c33"
                clipRule="evenodd"
                cursor="inherit"
                fill="currentcolor"
                fillRule="evenodd"
                height={24}
                mr="0.5em"
                viewBox="0 0 24 24"
                width={24}
              >
                <path
                  d="M15 0h6.758a2.261 2.261 0 012.244 2.259v19.485c0 1.225-.955 2.207-2.244 2.257H8.246a2.27 2.27 0 01-2.244-2.257V14h3v7h12V3H15V0z"
                  fill="currentcolor"
                />
                <path
                  d="M16 6.001l-7.001-6v4h-9v4h9v4l7-6z"
                />
              </svg>
              <div>
                <b>
                  <a
                    href="/files/info?path=%2Fhome%2Fjonas%2FIMG_20191206_091915.jpg"
                    onClick={[Function]}
                  >
                    <div
                      className="ellipsis"
                    >
                      <div
                        className="c34"
                        color="black"
                        cursor="inherit"
                        title="IMG_20191206_091915.jpg"
                      >
                        IMG_20191206_091915.jpg
                      </div>
                    </div>
                  </a>
                </b>
                 
                <span>
                  was moved to
                   
                  <b>
                    <a
                      href="/files/info?path=%2Fhome%2Fjonas%2FFoo%2FIMG_20191206_091915.jpg"
                      onClick={[Function]}
                    >
                      <div
                        className="ellipsis"
                      >
                        <div
                          className="c34"
                          color="black"
                          cursor="inherit"
                        >
                          /home/jonas/Foo/IMG_20191206_091915.jpg
                        </div>
                      </div>
                    </a>
                  </b>
                    
                  by jonas
                </span>
              </div>
            </div>
          </td>
        </tr>
        <tr
          className="c25 c26"
          cursor="auto"
        >
          <td
            className="c29 c30"
          >
            <div
              className="c31"
              color="text"
              cursor="inherit"
              fontSize={1}
            >
              MOCKED DATE
              <br />
              MOCKED DATE
            </div>
          </td>
          <td
            className="c29 c30"
          >
            <div
              className="c32"
            >
              <svg
                className="c33"
                clipRule="evenodd"
                cursor="inherit"
                fill="currentcolor"
                fillRule="evenodd"
                height={24}
                mr="0.5em"
                viewBox="0 0 24 22"
                width={24}
              >
                <path
                  d="M16.711 4.128H23.4c.33 0 .6.309.6.687v16.5c0 .378-.27.688-.6.688H6.309L16.711 4.128z"
                  fill="currentcolor"
                />
                <path
                  d="M10.8 4.125h5.911L6.309 22H.6c-.33 0-.6-.309-.6-.687V.688C0 .339.229.049.6 0h6.6l3.6 4.125z"
                />
              </svg>
              <div>
                <b>
                  <a
                    href="/files/info?path=%2Fhome%2Fjonas%2FFoo"
                    onClick={[Function]}
                  >
                    <div
                      className="ellipsis"
                    >
                      <div
                        className="c34"
                        color="black"
                        cursor="inherit"
                        title="Foo"
                      >
                        Foo
                      </div>
                    </div>
                  </a>
                </b>
                 
                <span>
                  was 
                  <b>
                    created
                  </b>
                   by 
                  jonas
                </span>
              </div>
            </div>
          </td>
        </tr>
        <tr
          className="c25 c26"
          cursor="auto"
        >
          <td
            className="c29 c30"
          >
            <div
              className="c31"
              color="text"
              cursor="inherit"
              fontSize={1}
            >
              MOCKED DATE
              <br />
              MOCKED DATE
            </div>
          </td>
          <td
            className="c29 c30"
          >
            <div
              className="c32"
            >
              <svg
                className="c33"
                clipRule="evenodd"
                cursor="inherit"
                fill="currentcolor"
                fillRule="evenodd"
                height={24}
                mr="0.5em"
                viewBox="0 0 24 24"
                width={24}
              >
                <path
                  d="M21.757 0A2.26 2.26 0 0124 2.257v19.485c0 1.226-.955 2.208-2.244 2.258H8.245A2.271 2.271 0 016 21.742V17h3v4h12V3H11V0h10.756z"
                  fill="currentcolor"
                />
                <path
                  d="M4.875 5.25H0v3.5h4.875V14h3.25V8.75H13v-3.5H8.125V0h-3.25v5.25z"
                />
              </svg>
              <div>
                <b>
                  <a
                    href="/files/info?path=%2Fhome%2Fjonas%2FIMG_20191206_091915.jpg"
                    onClick={[Function]}
                  >
                    <div
                      className="ellipsis"
                    >
                      <div
                        className="c34"
                        color="black"
                        cursor="inherit"
                        title="IMG_20191206_091915.jpg"
                      >
                        IMG_20191206_091915.jpg
                      </div>
                    </div>
                  </a>
                </b>
                 
                <span>
                   was copied to 
                  Project 2/Repo/IMG_20191206_091915.jpg
                   by 
                  jonas
                </span>
              </div>
            </div>
          </td>
        </tr>
        <tr
          className="c25 c26"
          cursor="auto"
        >
          <td
            className="c29 c30"
          >
            <div
              className="c31"
              color="text"
              cursor="inherit"
              fontSize={1}
            >
              MOCKED DATE
              <br />
              MOCKED DATE
            </div>
          </td>
          <td
            className="c29 c30"
          >
            <div
              className="c32"
            >
              <svg
                className="c33"
                clipRule="evenodd"
                cursor="inherit"
                fill="currentcolor"
                fillRule="evenodd"
                height={24}
                mr="0.5em"
                viewBox="0 0 24 24"
                width={24}
              >
                <path
                  d="M9 21h12V3H11V0h10.757A2.261 2.261 0 0124 2.26v19.485A2.245 2.245 0 0121.757 24H8.245A2.271 2.271 0 016 21.744V18h3v3z"
                  fill="currentcolor"
                />
                <path
                  d="M6 16l6-7H7.998V0H4v9H0l6 7z"
                />
              </svg>
              <div>
                <b>
                  <a
                    href="/files/info?path=%2Fhome%2Fjonas%2FIMG_20191206_091915.jpg"
                    onClick={[Function]}
                  >
                    <div
                      className="ellipsis"
                    >
                      <div
                        className="c34"
                        color="black"
                        cursor="inherit"
                        title="IMG_20191206_091915.jpg"
                      >
                        IMG_20191206_091915.jpg
                      </div>
                    </div>
                  </a>
                </b>
                 
                <span>
                  was 
                  <b>
                    downloaded
                  </b>
                   by 
                  jonas
                </span>
              </div>
            </div>
          </td>
        </tr>
        <tr
          className="c25 c26"
          cursor="auto"
        >
          <td
            className="c29 c30"
          >
            <div
              className="c31"
              color="text"
              cursor="inherit"
              fontSize={1}
            >
              MOCKED DATE
              <br />
              MOCKED DATE
            </div>
          </td>
          <td
            className="c29 c30"
          >
            <div
              className="c32"
            >
              <svg
                className="c33"
                clipRule="evenodd"
                cursor="inherit"
                fill="currentcolor"
                fillRule="evenodd"
                height={24}
                mr="0.5em"
                viewBox="0 0 25 24"
                width={24}
              >
                <path
                  d="M9.001 21h12V3h-10V0h10.756a2.261 2.261 0 012.244 2.259v19.485A2.245 2.245 0 0121.757 24H8.245a2.271 2.271 0 01-2.244-2.257V18h3v3z"
                  fill="currentcolor"
                />
                <path
                  d="M6 .001l-6 7h4v9h4v-9h4l-6-7z"
                />
              </svg>
              <div>
                <b>
                  <a
                    href="/files/info?path=%2Fhome%2Fjonas%2FIMG_20191206_091915.jpg"
                    onClick={[Function]}
                  >
                    <div
                      className="ellipsis"
                    >
                      <div
                        className="c34"
                        color="black"
                        cursor="inherit"
                        title="IMG_20191206_091915.jpg"
                      >
                        IMG_20191206_091915.jpg
                      </div>
                    </div>
                  </a>
                </b>
                 
                <span>
                  was 
                  <b>
                    uploaded
                  </b>
                   by 
                  jonas
                </span>
              </div>
            </div>
          </td>
        </tr>
      </tbody>
    </table>
    <div
      className="c35"
    >
      <button
        className="c36"
        color="blue"
        disabled={false}
        onClick={[Function]}
      >
        Load more
      </button>
    </div>
  </div>
</div>
`;
